// Jest Snapshot v1, https://goo.gl/fbAQLP

exports[`CatalogFilter finds the filter component and matches the count 1`] = `
"<Provider>
   
  <CatalogFilter>
    <Filter store={{...}} header=\\"Catalog\\">
      <div>
        <Grid>
          <div className=\\"pf-l-grid\\">
            <GridItem span={6}>
              <div className=\\"pf-l-grid__item pf-m-6-col\\">
                <Text component=\\"h1\\" className=\\"hub-filter-header\\">
                  <h1 data-pf-content={true} className=\\"hub-filter-header\\">
                    Catalog
                  </h1>
                </Text>
              </div>
            </GridItem>
            <GridItem span={3}>
              <div className=\\"pf-l-grid__item pf-m-3-col\\">
                <Button variant=\\"plain\\" aria-label=\\"Clear\\" onClick={[Function: res]}>
                  <button onClick={[Function: res]} aria-disabled={false} aria-label=\\"Clear\\" className=\\"pf-c-button pf-m-plain\\" disabled={false} tabIndex={[undefined]} type=\\"button\\" data-ouia-component-type=\\"PF4/Button\\" data-ouia-safe={true} data-ouia-component-id={1}>
                    <TimesIcon color=\\"currentColor\\" size=\\"sm\\" noVerticalAlign={false}>
                      <svg style={{...}} fill=\\"currentColor\\" height=\\"1em\\" width=\\"1em\\" viewBox=\\"0 0 352 512\\" aria-labelledby={{...}} aria-hidden={true} role=\\"img\\">
                        <path d=\\"M242.72 256l100.07-100.07c12.28-12.28 12.28-32.19 0-44.48l-22.24-22.24c-12.28-12.28-32.19-12.28-44.48 0L176 189.28 75.93 89.21c-12.28-12.28-32.19-12.28-44.48 0L9.21 111.45c-12.28 12.28-12.28 32.19 0 44.48L109.28 256 9.21 356.07c-12.28 12.28-12.28 32.19 0 44.48l22.24 22.24c12.28 12.28 32.2 12.28 44.48 0L176 322.72l100.07 100.07c12.28 12.28 32.2 12.28 44.48 0l22.24-22.24c12.28-12.28 12.28-32.19 0-44.48L242.72 256z\\" transform=\\"\\" />
                      </svg>
                    </TimesIcon>
                  </button>
                </Button>
              </div>
            </GridItem>
            <GridItem span={12}>
              <div className=\\"pf-l-grid__item pf-m-12-col\\">
                <Checkbox className=\\"hub-filter-checkbox\\" label={{...}} isChecked={false} onChange={[Function: onChange]} aria-label=\\"controlled checkbox\\" id=\\"openshift\\" name=\\"openshift\\" isValid={true} isDisabled={false}>
                  <div className=\\"pf-c-check hub-filter-checkbox\\">
                    <input id=\\"openshift\\" name=\\"openshift\\" className=\\"pf-c-check__input\\" type=\\"checkbox\\" onChange={[Function (anonymous)]} aria-invalid={false} aria-label=\\"controlled checkbox\\" disabled={false} checked={false} />
                    <label className=\\"pf-c-check__label\\" htmlFor=\\"openshift\\">
                      <div>
                        <Icon id=\\"user\\" size=\\"sm\\" label=\\"openshift\\">
                          <UserIcon size=\\"sm\\" className=\\"hub-icon\\" label=\\"openshift\\" color=\\"currentColor\\" noVerticalAlign={false}>
                            <svg style={{...}} fill=\\"currentColor\\" height=\\"1em\\" width=\\"1em\\" viewBox=\\"0 0 448 512\\" aria-labelledby={{...}} aria-hidden={true} role=\\"img\\" className=\\"hub-icon\\" label=\\"openshift\\">
                              <path d=\\"M224 256c70.7 0 128-57.3 128-128S294.7 0 224 0 96 57.3 96 128s57.3 128 128 128zm89.6 32h-16.7c-22.2 10.2-46.9 16-72.9 16s-50.6-5.8-72.9-16h-16.7C60.2 288 0 348.2 0 422.4V464c0 26.5 21.5 48 48 48h352c26.5 0 48-21.5 48-48v-41.6c0-74.2-60.2-134.4-134.4-134.4z\\" transform=\\"\\" />
                            </svg>
                          </UserIcon>
                        </Icon>
                        Openshift
                      </div>
                    </label>
                  </div>
                </Checkbox>
                <Checkbox className=\\"hub-filter-checkbox\\" label={{...}} isChecked={false} onChange={[Function: onChange]} aria-label=\\"controlled checkbox\\" id=\\"tekton\\" name=\\"tekton\\" isValid={true} isDisabled={false}>
                  <div className=\\"pf-c-check hub-filter-checkbox\\">
                    <input id=\\"tekton\\" name=\\"tekton\\" className=\\"pf-c-check__input\\" type=\\"checkbox\\" onChange={[Function (anonymous)]} aria-invalid={false} aria-label=\\"controlled checkbox\\" disabled={false} checked={false} />
                    <label className=\\"pf-c-check__label\\" htmlFor=\\"tekton\\">
                      <div>
                        <Icon id=\\"user\\" size=\\"sm\\" label=\\"tekton\\">
                          <UserIcon size=\\"sm\\" className=\\"hub-icon\\" label=\\"tekton\\" color=\\"currentColor\\" noVerticalAlign={false}>
                            <svg style={{...}} fill=\\"currentColor\\" height=\\"1em\\" width=\\"1em\\" viewBox=\\"0 0 448 512\\" aria-labelledby={{...}} aria-hidden={true} role=\\"img\\" className=\\"hub-icon\\" label=\\"tekton\\">
                              <path d=\\"M224 256c70.7 0 128-57.3 128-128S294.7 0 224 0 96 57.3 96 128s57.3 128 128 128zm89.6 32h-16.7c-22.2 10.2-46.9 16-72.9 16s-50.6-5.8-72.9-16h-16.7C60.2 288 0 348.2 0 422.4V464c0 26.5 21.5 48 48 48h352c26.5 0 48-21.5 48-48v-41.6c0-74.2-60.2-134.4-134.4-134.4z\\" transform=\\"\\" />
                            </svg>
                          </UserIcon>
                        </Icon>
                        Tekton
                      </div>
                    </label>
                  </div>
                </Checkbox>
              </div>
            </GridItem>
          </div>
        </Grid>
      </div>
    </Filter>
  </CatalogFilter>
   
</Provider>"
`;
