{
	"data": [
		{
			"id": 2,
			"name": "abc"
		},
		{
			"id": 3,
			"name": "pqr"
		},
		{
			"id": 1,
			"name": "xyz"
		}
	]
}
