// Jest Snapshot v1, https://goo.gl/fbAQLP

exports[`Cards should render the resources on cards 1`] = `"<Fragment />"`;
