// Jest Snapshot v1, https://goo.gl/fbAQLP

exports[`should render the header component and finds Search component 1`] = `
"<Provider>
   
  <Header>
    <PageHeader logo={{...}} headerTools={{...}}>
      <header role={[undefined]} className=\\"pf-c-page__header\\">
        <div className=\\"pf-c-page__header-brand\\">
          <a className=\\"pf-c-page__header-brand-link\\">
            <Brand src=\\"logo.png\\" alt=\\"Tekton Hub Logo\\" onClick={[Function: onClick]}>
              <img onClick={[Function: onClick]} className=\\"pf-c-brand\\" src=\\"logo.png\\" alt=\\"Tekton Hub Logo\\" />
            </Brand>
          </a>
        </div>
        <PageHeaderTools>
          <div className=\\"pf-c-page__header-tools\\">
            <Grid>
              <div className=\\"pf-l-grid\\">
                <GridItem span={11}>
                  <div className=\\"pf-l-grid__item pf-m-11-col\\">
                    <Search>
                      <ForwardRef value=\\"\\" type=\\"search\\" onChange={[Function: onSearchChange]} onKeyPress={[Function: onSearchKeyPress]} aria-label=\\"text input example\\" placeholder=\\"Search for resources...\\" spellCheck=\\"false\\" className=\\"hub-search\\">
                        <TextInputBase value=\\"\\" type=\\"search\\" onChange={[Function: onSearchChange]} onKeyPress={[Function: onSearchKeyPress]} aria-label=\\"text input example\\" placeholder=\\"Search for resources...\\" spellCheck=\\"false\\" className=\\"hub-search\\" innerRef={{...}} isRequired={false} validated=\\"default\\" isDisabled={false} isReadOnly={false} isLeftTruncated={false}>
                          <input onKeyPress={[Function: onSearchKeyPress]} aria-label=\\"text input example\\" placeholder=\\"Search for resources...\\" spellCheck=\\"false\\" onFocus={[Function (anonymous)]} onBlur={[Function (anonymous)]} className=\\"pf-c-form-control hub-search\\" onChange={[Function (anonymous)]} type=\\"search\\" value=\\"\\" aria-invalid={false} required={false} disabled={false} readOnly={false} />
                        </TextInputBase>
                      </ForwardRef>
                    </Search>
                  </div>
                </GridItem>
              </div>
            </Grid>
            <Text component=\\"h3\\">
              <h3 data-pf-content={true} className=\\"\\">
                Login
              </h3>
            </Text>
          </div>
        </PageHeaderTools>
      </header>
    </PageHeader>
  </Header>
   
</Provider>"
`;
