// Jest Snapshot v1, https://goo.gl/fbAQLP

exports[`LeftPane should find the components and match the count 1`] = `
"<Grid hasGutter={true} className=\\"hub-leftpane\\">
  <GridItem span={8}>
    <Sort />
  </GridItem>
  <GridItem>
    <KindFilter />
  </GridItem>
  <GridItem>
    <CatalogFilter />
  </GridItem>
  <GridItem>
    <CategoryFilter />
  </GridItem>
</Grid>"
`;
