// Jest Snapshot v1, https://goo.gl/fbAQLP

exports[`search resources should render the search component 1`] = `
"<Fragment>
  <ContextProvider value={{...}}>
     
    <Memo(observerComponent) />
     
  </ContextProvider>
</Fragment>"
`;
