// Jest Snapshot v1, https://goo.gl/fbAQLP

exports[`Details component should render the details component 1`] = `
"<Provider>
   
  <Details>
    <PageNotFound>
      <EmptyState variant=\\"small\\">
        <div className=\\"pf-c-empty-state pf-m-sm\\">
          <div className=\\"pf-c-empty-state__content\\">
            <EmptyStateIcon icon={[Function: warningIcon]}>
              <warningIcon className=\\"pf-c-empty-state__icon\\" aria-hidden=\\"true\\">
                <Icon id=\\"Warningtriangle\\" size=\\"xl\\" label=\\"Page Not Found\\">
                  <WarningTriangleIcon size=\\"xl\\" className=\\"hub-icon\\" label=\\"Page Not Found\\" color=\\"currentColor\\" noVerticalAlign={false}>
                    <svg style={{...}} fill=\\"currentColor\\" height=\\"3em\\" width=\\"3em\\" viewBox=\\"0 64 1024 1024\\" aria-labelledby={{...}} aria-hidden={true} role=\\"img\\" className=\\"hub-icon\\" label=\\"Page Not Found\\">
                      <path d=\\"M511.488 949.321c6.656 0 13.093-0.878 19.456-2.487s12.142-4.169 17.481-7.461c5.998-3.365 11.118-7.314 15.506-11.995s8.119-10.021 11.483-15.945l437.979-842.24c6.656-11.995 9.801-23.918 9.509-35.913s-3.877-23.918-10.459-35.913c-3.365-5.998-7.168-11.118-11.483-15.506s-9.509-8.192-15.506-11.483c-5.339-2.706-10.971-4.827-16.969-6.51s-12.288-2.487-18.944-2.487h-876.032c-6.656 0-12.946 0.805-18.944 2.487s-11.63 3.803-16.969 6.51c-5.998 3.291-11.118 7.095-15.506 11.483s-8.192 9.509-11.483 15.506c-6.656 11.995-10.094 23.918-10.459 35.913s2.779 23.918 9.509 35.913l437.979 842.24c3.291 5.998 7.095 11.264 11.483 15.945s9.509 8.631 15.506 11.995c5.339 3.291 11.118 5.778 17.481 7.461s12.8 2.487 19.456 2.487zM132.974 73.289h759.296l-380.782 741.595-378.514-741.595zM583.387 156.526c-2.121-5.632-7.534-9.509-13.97-9.509-14.263 0-28.526 0-42.715 0-21.138 0-42.277 0-63.415 0-11.045 0-24.576 0.585-24.576 14.994 0 0 0 44.325 0 44.544 0 8.558 6.437 14.994 14.994 14.994 0 0 115.712 0 115.785 0 8.485 0 14.994-6.437 14.994-14.994 0 0 0-44.544 0-44.544 0-1.975-0.366-3.803-1.024-5.486zM583.826 301.934c-2.121-5.632-7.534-9.509-13.97-9.509-14.263 0-28.526 0-42.715 0-21.138 0-42.277 0-63.415 0-11.045 0-24.576 0.585-24.576 14.994 0 0 0 224.914 0 225.134 0 8.558 6.437 14.994 14.994 14.994 0 0 115.712 0 115.785 0 8.485 0 14.994-6.437 14.994-14.994 0 0 0-225.134 0-225.134 0-1.975-0.366-3.803-1.024-5.486z\\" transform=\\"rotate(180 0 512) scale(-1 1)\\" />
                    </svg>
                  </WarningTriangleIcon>
                </Icon>
              </warningIcon>
            </EmptyStateIcon>
            <Title headingLevel=\\"h5\\" size=\\"lg\\" className=\\"hub-pagenotfound__title\\">
              <h5 className=\\"pf-c-title pf-m-lg hub-pagenotfound__title\\">
                Page Not Found
              </h5>
            </Title>
            <Button variant=\\"primary\\" onClick={[Function: onClick]}>
              <button onClick={[Function: onClick]} aria-disabled={false} aria-label={{...}} className=\\"pf-c-button pf-m-primary\\" disabled={false} tabIndex={[undefined]} type=\\"button\\" data-ouia-component-type=\\"PF4/Button\\" data-ouia-safe={true} data-ouia-component-id={0}>
                Back Home
              </button>
            </Button>
          </div>
        </div>
      </EmptyState>
    </PageNotFound>
  </Details>
   
</Provider>"
`;
